error: you matched a field with a wildcard pattern, consider using `..` instead
  --> $DIR/unneeded_field_pattern.rs:14:15
   |
LL |         Foo { a: _, b: 0, .. } => {},
   |               ^^^^
   |
   = note: `-D clippy::unneeded-field-pattern` implied by `-D warnings`
   = help: try with `Foo { b: 0, .. }`

error: all the struct fields are matched to a wildcard pattern, consider using `..`
  --> $DIR/unneeded_field_pattern.rs:16:9
   |
LL |         Foo { a: _, b: _, c: _ } => {},
   |         ^^^^^^^^^^^^^^^^^^^^^^^^
   |
   = help: try with `Foo { .. }` instead

error: you seem to be trying to use `match` for destructuring a single pattern. Consider using `if let`
  --> $DIR/unneeded_field_pattern.rs:13:5
   |
LL | /     match f {
LL | |         Foo { a: _, b: 0, .. } => {},
LL | |
LL | |         Foo { a: _, b: _, c: _ } => {},
LL | |     }
   | |_____^ help: try this: `if let Foo { a: _, b: 0, .. } = f {}`
   |
   = note: `-D clippy::single-match` implied by `-D warnings`

error: you seem to be trying to use `match` for destructuring a single pattern. Consider using `if let`
  --> $DIR/unneeded_field_pattern.rs:18:5
   |
LL | /     match f {
LL | |         Foo { b: 0, .. } => {}, // should be OK
LL | |         Foo { .. } => {},       // and the Force might be with this one
LL | |     }
   | |_____^ help: try this: `if let Foo { b: 0, .. } = f {}`

error: aborting due to 4 previous errors

